Cat Bluff - Lace 2.4.0 Preprod endpoint compatibility validation
Date: 2026-09-28
Environment: Windows, Node 22.22.0, npm 11.11.1
Scope: endpoint validation through real runCommit; no wallet approval, proving, or network transaction.

Primary sources inspected at release tag lace-extension@2.4.0:
https://github.com/input-output-hk/lace/blob/lace-extension@2.4.0/packages/contract/midnight-context/src/const.ts
https://github.com/input-output-hk/lace/blob/lace-extension@2.4.0/packages/contract/midnight-context/src/utils.ts
https://github.com/input-output-hk/lace/blob/lace-extension@2.4.0/packages/module/dapp-connector-midnight/src/midnight-wallet-api.ts
https://github.com/input-output-hk/lace/blob/lace-extension@2.4.0/packages/module/blockchain-midnight/src/customisations/settings/MidnightSettingsSheet.tsx

Regression RED: captured tool output excerpt before production change.
Command: .tools/node-v22.22.0-win-x64/node.exe --experimental-strip-types --test tests/web-wallet-endpoints.test.ts
Exit: 1
not ok 1 - Lace 2.4 exact Preprod endpoint tuple passes the commit configuration gate
The input did not match the regular expression /Web Locks/. Input:
'Error: Wallet endpoints must match this Preprod application.'
ok 2 - official Preprod endpoints still pass the commit configuration gate
ok 3 - Lace endpoint lookalikes, mixed tuples, other networks, and extra URL components are rejected
not ok 4 - Lace Preprod still requires the configured user-local prover
The input did not match the regular expression /local proof server/. Input:
'Error: Wallet endpoints must match this Preprod application.'
# tests 4
# pass 2
# fail 2
# duration_ms 5257.996

Regression GREEN: captured tool output excerpt after the exact tuple allowlist change.
Same command; exit 0.
ok 1 - Lace 2.4 exact Preprod endpoint tuple passes the commit configuration gate
ok 2 - official Preprod endpoints still pass the commit configuration gate
ok 3 - Lace endpoint lookalikes, mixed tuples, other networks, and extra URL components are rejected
ok 4 - Lace Preprod still requires the configured user-local prover
# tests 4
# pass 4
# fail 0
# duration_ms 1812.7274

The process sandbox initially blocked Node's test worker with spawn EPERM.
The tests above ran with the approved process permission.
An attempted --test-isolation=none flag was unsupported by Node 22.22.0 and did not run tests.

Full validation output follows, captured directly by Tee-Object.
Commands: npm test; npm run test:ui; npm run lint; npm run build
All four commands exited 0. Build includes both TypeScript targets and public artifact copying.


> cat-bluff-midnight@0.1.0 test
> node --experimental-strip-types --test tests/*.test.ts

TAP version 13
# Subtest: checkpoint round-trip preserves all wallet states and rejects the wrong account
ok 1 - checkpoint round-trip preserves all wallet states and rejects the wrong account
  ---
  duration_ms: 38.4145
  type: 'test'
  ...
# Subtest: malformed checkpoint errors do not echo private data
ok 2 - malformed checkpoint errors do not echo private data
  ---
  duration_ms: 5.786
  type: 'test'
  ...
# Subtest: deployment permits only the documented free Preprod network
ok 3 - deployment permits only the documented free Preprod network
  ---
  duration_ms: 2.6954
  type: 'test'
  ...
# Subtest: initial public state is Empty with no card disclosure
ok 4 - initial public state is Empty with no card disclosure
  ---
  duration_ms: 103.66
  type: 'test'
  ...
# Subtest: player commits a private valid rank while publicly bluffing
ok 5 - player commits a private valid rank while publicly bluffing
  ---
  duration_ms: 96.7894
  type: 'test'
  ...
# Subtest: incorrect player capability rejects without changing ledger
ok 6 - incorrect player capability rejects without changing ledger
  ---
  duration_ms: 61.5365
  type: 'test'
  ...
# Subtest: rejects hidden rank 0
ok 7 - rejects hidden rank 0
  ---
  duration_ms: 27.9696
  type: 'test'
  ...
# Subtest: rejects public claim 0
ok 8 - rejects public claim 0
  ---
  duration_ms: 27.1863
  type: 'test'
  ...
# Subtest: rejects hidden rank 14
ok 9 - rejects hidden rank 14
  ---
  duration_ms: 30.0412
  type: 'test'
  ...
# Subtest: rejects public claim 14
ok 10 - rejects public claim 14
  ---
  duration_ms: 30.9004
  type: 'test'
  ...
# Subtest: a second commitment is rejected and cannot replace the first
ok 11 - a second commitment is rejected and cannot replace the first
  ---
  duration_ms: 52.0542
  type: 'test'
  ...
# Subtest: authorized challenge and resolution reveal only rank and detect a bluff
ok 12 - authorized challenge and resolution reveal only rank and detect a bluff
  ---
  duration_ms: 63.2735
  type: 'test'
  ...
# Subtest: truthful claim resolves as truthful
ok 13 - truthful claim resolves as truthful
  ---
  duration_ms: 49.8619
  type: 'test'
  ...
# Subtest: player cannot act as challenger
ok 14 - player cannot act as challenger
  ---
  duration_ms: 58.214
  type: 'test'
  ...
# Subtest: challenger cannot resolve with its capability
ok 15 - challenger cannot resolve with its capability
  ---
  duration_ms: 40.7472
  type: 'test'
  ...
# Subtest: wrong rank opening rejects and leaves state unchanged
ok 16 - wrong rank opening rejects and leaves state unchanged
  ---
  duration_ms: 62.6389
  type: 'test'
  ...
# Subtest: wrong salt opening rejects and leaves state unchanged
ok 17 - wrong salt opening rejects and leaves state unchanged
  ---
  duration_ms: 60.9362
  type: 'test'
  ...
# Subtest: rejects every out-of-phase or replayed action
ok 18 - rejects every out-of-phase or replayed action
  ---
  duration_ms: 68.4381
  type: 'test'
  ...
# Subtest: commitments bind context, role, round, player, rank and salt
ok 19 - commitments bind context, role, round, player, rank and salt
  ---
  duration_ms: 21.3015
  type: 'test'
  ...
# Wallet checkpoint could not be saved.
# Subtest: wallet shutdown still runs when checkpoint persistence fails
ok 20 - wallet shutdown still runs when checkpoint persistence fails
  ---
  duration_ms: 1.5698
  type: 'test'
  ...
# Subtest: clean wallet shutdown saves state before stopping
ok 21 - clean wallet shutdown saves state before stopping
  ---
  duration_ms: 0.8626
  type: 'test'
  ...
# Subtest: fresh private cards cover valid ranks with independent unpredictable salts
ok 22 - fresh private cards cover valid ranks with independent unpredictable salts
  ---
  duration_ms: 3.9117
  type: 'test'
  ...
# Subtest: hosting assets contain the actual binary circuits and keys with a verifiable manifest
ok 23 - hosting assets contain the actual binary circuits and keys with a verifiable manifest
  ---
  duration_ms: 139.3568
  type: 'test'
  ...
# Subtest: browser configuration requires an explicit valid Preprod address
ok 24 - browser configuration requires an explicit valid Preprod address
  ---
  duration_ms: 2.5586
  type: 'test'
  ...
# Subtest: public endpoint configuration rejects insecure or credential-bearing services
ok 25 - public endpoint configuration rejects insecure or credential-bearing services
  ---
  duration_ms: 1.3344
  type: 'test'
  ...
# Subtest: private proving configuration accepts only explicit loopback endpoints
ok 26 - private proving configuration accepts only explicit loopback endpoints
  ---
  duration_ms: 0.3531
  type: 'test'
  ...
# Subtest: public pending record survives a new store and is isolated by contract
ok 27 - public pending record survives a new store and is isolated by contract
  ---
  duration_ms: 4.0407
  type: 'test'
  ...
# Subtest: store persists only allowlisted public fields
ok 28 - store persists only allowlisted public fields
  ---
  duration_ms: 0.2419
  type: 'test'
  ...
# Subtest: corrupt storage remains present and blocks reads
ok 29 - corrupt storage remains present and blocks reads
  ---
  duration_ms: 0.5552
  type: 'test'
  ...
# Subtest: invalid claim and cross-contract records cannot be written
ok 30 - invalid claim and cross-contract records cannot be written
  ---
  duration_ms: 0.1926
  type: 'test'
  ...
# Subtest: storage write failure blocks submission instead of accepting an in-memory record
ok 31 - storage write failure blocks submission instead of accepting an in-memory record
  ---
  duration_ms: 0.6848
  type: 'test'
  ...
# Subtest: storage access failure never masquerades as no pending transaction
ok 32 - storage access failure never masquerades as no pending transaction
  ---
  duration_ms: 0.2428
  type: 'test'
  ...
# Subtest: encrypted package round trips only card witnesses and binds scope
ok 33 - encrypted package round trips only card witnesses and binds scope
  ---
  duration_ms: 241.7456
  type: 'test'
  ...
# Subtest: wrong password and altered authenticated scope fail closed
ok 34 - wrong password and altered authenticated scope fail closed
  ---
  duration_ms: 412.4773
  type: 'test'
  ...
# Subtest: ciphertext tampering fails authentication
ok 35 - ciphertext tampering fails authentication
  ---
  duration_ms: 216.1522
  type: 'test'
  ...
# Subtest: oversized envelope is refused before parsing
ok 36 - oversized envelope is refused before parsing
  ---
  duration_ms: 108.6823
  type: 'test'
  ...
# Subtest: invalid KDF and IV parameters are refused
ok 37 - invalid KDF and IV parameters are refused
  ---
  duration_ms: 103.5175
  type: 'test'
  ...
# Subtest: package validation rejects contract, player, and commitment mismatch
ok 38 - package validation rejects contract, player, and commitment mismatch
  ---
  duration_ms: 227.6838
  type: 'test'
  ...
# Subtest: package validation rejects context and round mismatch
ok 39 - package validation rejects context and round mismatch
  ---
  duration_ms: 440.1409
  type: 'test'
  ...
# Subtest: rank and byte lengths are rejected before encryption
ok 40 - rank and byte lengths are rejected before encryption
  ---
  duration_ms: 1.8602
  type: 'test'
  ...
# Subtest: memory provider isolates instances, returns copies, and disposes
ok 41 - memory provider isolates instances, returns copies, and disposes
  ---
  duration_ms: 3.1467
  type: 'test'
  ...
# Subtest: memory provider satisfies SDK state and signing-key lifecycle
ok 42 - memory provider satisfies SDK state and signing-key lifecycle
  ---
  duration_ms: 3.3086
  type: 'test'
  ...
# Subtest: generated witness interface reads private state without mutation
ok 43 - generated witness interface reads private state without mutation
  ---
  duration_ms: 0.6631
  type: 'test'
  ...
# Subtest: human export refuses noninteractive input before reading secrets
ok 44 - human export refuses noninteractive input before reading secrets
  ---
  duration_ms: 1.926
  type: 'test'
  ...
# Subtest: malformed private source reports a fixed error without source fragments
ok 45 - malformed private source reports a fixed error without source fragments
  ---
  duration_ms: 0.8491
  type: 'test'
  ...
# Subtest: mocked external adapters: receipt requires successful status and matching block state
ok 46 - mocked external adapters: receipt requires successful status and matching block state
  ---
  duration_ms: 3.7892
  type: 'test'
  ...
# Subtest: wrong phase never submits
ok 47 - wrong phase never submits
  ---
  duration_ms: 0.6782
  type: 'test'
  ...
# Subtest: duplicate entry cannot begin another transaction
ok 48 - duplicate entry cannot begin another transaction
  ---
  duration_ms: 0.3942
  type: 'test'
  ...
# Subtest: disconnect after proof prevents approval and submit
ok 49 - disconnect after proof prevents approval and submit
  ---
  duration_ms: 0.7125
  type: 'test'
  ...
# Subtest: proof failure sanitizes errors and leaves no pending transaction
ok 50 - proof failure sanitizes errors and leaves no pending transaction
  ---
  duration_ms: 0.8605
  type: 'test'
  ...
# Subtest: uncertain submit retains public record and never resubmits on retry
ok 51 - uncertain submit retains public record and never resubmits on retry
  ---
  duration_ms: 20.7804
  type: 'test'
  ...
# Subtest: pending record exists before submission
ok 52 - pending record exists before submission
  ---
  duration_ms: 1.3972
  type: 'test'
  ...
# Subtest: timeout stays pending and refresh reconciles the same transaction without wallet
ok 53 - timeout stays pending and refresh reconciles the same transaction without wallet
  ---
  duration_ms: 15.8112
  type: 'test'
  ...
# Subtest: chain failure cannot become a successful receipt
ok 54 - chain failure cannot become a successful receipt
  ---
  duration_ms: 2.1647
  type: 'test'
  ...
# Subtest: incorrect commitment at confirmation block fails receipt verification
ok 55 - incorrect commitment at confirmation block fails receipt verification
  ---
  duration_ms: 1.7948
  type: 'test'
  ...
# Subtest: timeout includes reading the confirmation block
ok 56 - timeout includes reading the confirmation block
  ---
  duration_ms: 25.6358
  type: 'test'
  ...
# Subtest: two controllers sharing a browser lock cannot prove or overwrite the same contract concurrently
ok 57 - two controllers sharing a browser lock cannot prove or overwrite the same contract concurrently
  ---
  duration_ms: 2.1268
  type: 'test'
  ...
# Subtest: unavailable browser locks fail closed before proving
ok 58 - unavailable browser locks fail closed before proving
  ---
  duration_ms: 0.3468
  type: 'test'
  ...
# Subtest: pending record appearing during preparation cannot be overwritten
ok 59 - pending record appearing during preparation cannot be overwritten
  ---
  duration_ms: 0.9335
  type: 'test'
  ...
# Subtest: foreign pending record cannot be updated after submission or cleared by reconciliation
ok 60 - foreign pending record cannot be updated after submission or cleared by reconciliation
  ---
  duration_ms: 0.569
  type: 'test'
  ...
# Subtest: reconciliation refuses to clear a replacement pending record
ok 61 - reconciliation refuses to clear a replacement pending record
  ---
  duration_ms: 0.6358
  type: 'test'
  ...
# Subtest: known cancellation before wallet invocation clears only its own pending record
ok 62 - known cancellation before wallet invocation clears only its own pending record
  ---
  duration_ms: 0.5701
  type: 'test'
  ...
# Subtest: Lace 2.4 exact Preprod endpoint tuple passes the commit configuration gate
ok 63 - Lace 2.4 exact Preprod endpoint tuple passes the commit configuration gate
  ---
  duration_ms: 1.7591
  type: 'test'
  ...
# Subtest: official Preprod endpoints still pass the commit configuration gate
ok 64 - official Preprod endpoints still pass the commit configuration gate
  ---
  duration_ms: 0.2741
  type: 'test'
  ...
# Subtest: Lace endpoint lookalikes, mixed tuples, other networks, and extra URL components are rejected
ok 65 - Lace endpoint lookalikes, mixed tuples, other networks, and extra URL components are rejected
  ---
  duration_ms: 0.688
  type: 'test'
  ...
# Subtest: Lace Preprod still requires the configured user-local prover
ok 66 - Lace Preprod still requires the configured user-local prover
  ---
  duration_ms: 0.3317
  type: 'test'
  ...
# Subtest: discovers every structurally valid injected wallet and marks incompatible versions
ok 67 - discovers every structurally valid injected wallet and marks incompatible versions
  ---
  duration_ms: 5.5698
  type: 'test'
  ...
# Subtest: connect requires Preprod status, configuration, and shielded identity
ok 68 - connect requires Preprod status, configuration, and shielded identity
  ---
  duration_ms: 1.3945
  type: 'test'
  ...
# Subtest: rejected permission is sanitized and leaves no connected API
ok 69 - rejected permission is sanitized and leaves no connected API
  ---
  duration_ms: 0.9752
  type: 'test'
  ...
# Subtest: a wallet reporting another network is refused
ok 70 - a wallet reporting another network is refused
  ---
  duration_ms: 0.4237
  type: 'test'
  ...
# Subtest: disconnect during delayed authorization prevents stale connect result
ok 71 - disconnect during delayed authorization prevents stale connect result
  ---
  duration_ms: 0.3327
  type: 'test'
  ...
# Subtest: account change invalidates capture and cached session
ok 72 - account change invalidates capture and cached session
  ---
  duration_ms: 0.5158
  type: 'test'
  ...
# Subtest: older revalidation cannot disconnect a newly connected wallet
ok 73 - older revalidation cannot disconnect a newly connected wallet
  ---
  duration_ms: 0.5553
  type: 'test'
  ...
# Subtest: duplicate connect while authorization is pending does not prompt twice
ok 74 - duplicate connect while authorization is pending does not prompt twice
  ---
  duration_ms: 0.2853
  type: 'test'
  ...
# Subtest: a superseded guard cannot authorize side effects
ok 75 - a superseded guard cannot authorize side effects
  ---
  duration_ms: 0.5759
  type: 'test'
  ...
# Subtest: late wallet injection is found by a fresh discovery call
ok 76 - late wallet injection is found by a fresh discovery call
  ---
  duration_ms: 0.4273
  type: 'test'
  ...
# Subtest: unsupported API version never invokes wallet authorization
ok 77 - unsupported API version never invokes wallet authorization
  ---
  duration_ms: 0.2251
  type: 'test'
  ...
# Subtest: missing connected methods or shielded keys never yield a capture
ok 78 - missing connected methods or shielded keys never yield a capture
  ---
  duration_ms: 0.3604
  type: 'test'
  ...
# Subtest: changed prover and indexer configuration invalidates an existing capture
ok 79 - changed prover and indexer configuration invalidates an existing capture
  ---
  duration_ms: 0.3547
  type: 'test'
  ...
1..79
# tests 79
# suites 0
# pass 79
# fail 0
# cancelled 0
# skipped 0
# todo 0
# duration_ms 3769.4497

> cat-bluff-midnight@0.1.0 test:ui
> node node_modules/vitest/vitest.mjs run


 RUN  v4.1.7 C:/Users/Ayush Paul/Desktop/midnight/cat-bluff-midnight


 Test Files  3 passed (3)
      Tests  15 passed (15)
   Start at  20:08:12
   Duration  3.60s (transform 1.25s, setup 0ms, import 2.79s, tests 1.76s, environment 4.51s)


> cat-bluff-midnight@0.1.0 lint
> node node_modules/eslint/bin/eslint.js src/web scripts/copy-web-artifacts.mjs


> cat-bluff-midnight@0.1.0 build
> npm run typecheck && npm run assets && node node_modules/vite/bin/vite.js build


> cat-bluff-midnight@0.1.0 typecheck
> node node_modules/typescript/bin/tsc --noEmit && node node_modules/typescript/bin/tsc -p tsconfig.web.json --noEmit


> cat-bluff-midnight@0.1.0 assets
> node scripts/copy-web-artifacts.mjs

Prepared 9 genuine public circuit artifacts and deployment metadata.
vite v7.3.1 building client environment for production...
transforming...
node_modules/@scure/base/index.js (2:0): A comment

"// Freeze the result of a thunk. `/* @__PURE__ */ freeze(() => expr)` keeps the whole"

in "node_modules/@scure/base/index.js" contains an annotation that Rollup cannot interpret due to the position of the comment. The comment will be removed to avoid issues.
✓ 1422 modules transformed.
rendering chunks...
computing gzip size...
dist/index.html                                                  0.57 kB │ gzip:     0.35 kB
dist/assets/midnight_onchain_runtime_wasm_bg-DLDy-U1U.wasm   1,321.37 kB │ gzip:   394.19 kB
dist/assets/midnight_onchain_runtime_wasm_bg-D2U4EkPt.wasm   1,398.94 kB │ gzip:   412.20 kB
dist/assets/midnight_ledger_wasm_bg-D5swusBh.wasm           10,143.78 kB │ gzip: 4,638.69 kB
dist/assets/index-CCImy7dB.css                                  11.48 kB │ gzip:     3.34 kB
dist/assets/index-CRCGWEfr.js                                  222.83 kB │ gzip:    69.77 kB
dist/assets/App-BBhPKVtl.js                                    830.17 kB │ gzip:   222.16 kB

(!) Some chunks are larger than 500 kB after minification. Consider:
- Using dynamic import() to code-split the application
- Use build.rollupOptions.output.manualChunks to improve chunking: https://rollupjs.org/configuration-options/#output-manualchunks
- Adjust chunk size limit for this warning via build.chunkSizeWarningLimit.
✓ built in 12.11s

