TAP version 13
# Subtest: discovers every structurally valid injected wallet and marks incompatible versions
ok 1 - discovers every structurally valid injected wallet and marks incompatible versions
  ---
  duration_ms: 13.2186
  type: 'test'
  ...
# Subtest: connect requires Preprod status, configuration, and shielded identity
ok 2 - connect requires Preprod status, configuration, and shielded identity
  ---
  duration_ms: 0.7901
  type: 'test'
  ...
# Subtest: Lace authorization connects and revalidates without the unused hintUsage extension
ok 3 - Lace authorization connects and revalidates without the unused hintUsage extension
  ---
  duration_ms: 0.9616
  type: 'test'
  ...
# Subtest: a connected wallet missing its proving method remains rejected
ok 4 - a connected wallet missing its proving method remains rejected
  ---
  duration_ms: 0.5882
  type: 'test'
  ...
# Subtest: rejected permission is sanitized and leaves no connected API
ok 5 - rejected permission is sanitized and leaves no connected API
  ---
  duration_ms: 2.0369
  type: 'test'
  ...
# Subtest: connection failure identifies the exact failing operation without calling later operations
ok 6 - connection failure identifies the exact failing operation without calling later operations
  ---
  duration_ms: 1.3247
  type: 'test'
  ...
# Subtest: revalidation failures identify status, configuration or address and invalidate the capture
ok 7 - revalidation failures identify status, configuration or address and invalidate the capture
  ---
  duration_ms: 0.8676
  type: 'test'
  ...
# Subtest: diagnostics preserve only the five declared connector API error codes
ok 8 - diagnostics preserve only the five declared connector API error codes
  ---
  duration_ms: 0.5836
  type: 'test'
  ...
# Subtest: diagnostics never reflect unknown codes, untrusted fields or hostile property getters
ok 9 - diagnostics never reflect unknown codes, untrusted fields or hostile property getters
  ---
  duration_ms: 1.2359
  type: 'test'
  ...
# Subtest: a retry clears the previous diagnostic while pending, after success and after disconnect
ok 10 - a retry clears the previous diagnostic while pending, after success and after disconnect
  ---
  duration_ms: 1.354
  type: 'test'
  ...
# Subtest: late authorization errors cannot publish diagnostics after disconnect or replacement
ok 11 - late authorization errors cannot publish diagnostics after disconnect or replacement
  ---
  duration_ms: 1.0647
  type: 'test'
  ...
# Subtest: superseded revalidation errors cannot publish stale diagnostics
ok 12 - superseded revalidation errors cannot publish stale diagnostics
  ---
  duration_ms: 0.9247
  type: 'test'
  ...
# Subtest: a wallet reporting another network is refused
ok 13 - a wallet reporting another network is refused
  ---
  duration_ms: 0.1848
  type: 'test'
  ...
# Subtest: disconnect during delayed authorization prevents stale connect result
ok 14 - disconnect during delayed authorization prevents stale connect result
  ---
  duration_ms: 0.2148
  type: 'test'
  ...
# Subtest: account change invalidates capture and cached session
ok 15 - account change invalidates capture and cached session
  ---
  duration_ms: 0.2631
  type: 'test'
  ...
# Subtest: older revalidation cannot disconnect a newly connected wallet
ok 16 - older revalidation cannot disconnect a newly connected wallet
  ---
  duration_ms: 0.2751
  type: 'test'
  ...
# Subtest: duplicate connect while authorization is pending does not prompt twice
ok 17 - duplicate connect while authorization is pending does not prompt twice
  ---
  duration_ms: 0.2069
  type: 'test'
  ...
# Subtest: a superseded guard cannot authorize side effects
ok 18 - a superseded guard cannot authorize side effects
  ---
  duration_ms: 0.4189
  type: 'test'
  ...
# Subtest: late wallet injection is found by a fresh discovery call
ok 19 - late wallet injection is found by a fresh discovery call
  ---
  duration_ms: 0.1764
  type: 'test'
  ...
# Subtest: unsupported API version never invokes wallet authorization
ok 20 - unsupported API version never invokes wallet authorization
  ---
  duration_ms: 0.1947
  type: 'test'
  ...
# Subtest: missing connected methods or shielded keys never yield a capture
ok 21 - missing connected methods or shielded keys never yield a capture
  ---
  duration_ms: 0.2842
  type: 'test'
  ...
# Subtest: changed prover and indexer configuration invalidates an existing capture
ok 22 - changed prover and indexer configuration invalidates an existing capture
  ---
  duration_ms: 0.2341
  type: 'test'
  ...
# Subtest: faucet address reads a validated Preprod unshielded address without wallet mutations or caching
ok 23 - faucet address reads a validated Preprod unshielded address without wallet mutations or caching
  ---
  duration_ms: 3.3116
  type: 'test'
  ...
# Subtest: faucet address rejects other address types, networks, bad checksums and invalid payload lengths
ok 24 - faucet address rejects other address types, networks, bad checksums and invalid payload lengths
  ---
  duration_ms: 2.0636
  type: 'test'
  ...
# Subtest: faucet address refuses a disconnected session before reading the wallet
ok 25 - faucet address refuses a disconnected session before reading the wallet
  ---
  duration_ms: 0.2191
  type: 'test'
  ...
# Subtest: faucet address checks account identity before requesting an address
ok 26 - faucet address checks account identity before requesting an address
  ---
  duration_ms: 0.2305
  type: 'test'
  ...
# Subtest: faucet address discards an in-flight result after disconnect
ok 27 - faucet address discards an in-flight result after disconnect
  ---
  duration_ms: 0.4513
  type: 'test'
  ...
# Subtest: faucet address discards an in-flight result after reconnect
ok 28 - faucet address discards an in-flight result after reconnect
  ---
  duration_ms: 0.773
  type: 'test'
  ...
# Subtest: faucet address discards an in-flight result after account
ok 29 - faucet address discards an in-flight result after account
  ---
  duration_ms: 0.6467
  type: 'test'
  ...
# Subtest: faucet address sanitizes wallet rejection and malformed response errors
ok 30 - faucet address sanitizes wallet rejection and malformed response errors
  ---
  duration_ms: 1.7751
  type: 'test'
  ...
1..30
# tests 30
# suites 0
# pass 30
# fail 0
# cancelled 0
# skipped 0
# todo 0
# duration_ms 494.6564
