
> cat-bluff-midnight@0.1.0 test
> node --experimental-strip-types --test tests/*.test.ts

TAP version 13
# Subtest: checkpoint round-trip preserves all wallet states and rejects the wrong account
ok 1 - checkpoint round-trip preserves all wallet states and rejects the wrong account
  ---
  duration_ms: 22.91
  type: 'test'
  ...
# Subtest: malformed checkpoint errors do not echo private data
ok 2 - malformed checkpoint errors do not echo private data
  ---
  duration_ms: 5.0028
  type: 'test'
  ...
# Subtest: deployment permits only the documented free Preprod network
ok 3 - deployment permits only the documented free Preprod network
  ---
  duration_ms: 3.2792
  type: 'test'
  ...
# Subtest: initial public state is Empty with no card disclosure
ok 4 - initial public state is Empty with no card disclosure
  ---
  duration_ms: 115.656
  type: 'test'
  ...
# Subtest: player commits a private valid rank while publicly bluffing
ok 5 - player commits a private valid rank while publicly bluffing
  ---
  duration_ms: 98.7404
  type: 'test'
  ...
# Subtest: incorrect player capability rejects without changing ledger
ok 6 - incorrect player capability rejects without changing ledger
  ---
  duration_ms: 73.4999
  type: 'test'
  ...
# Subtest: rejects hidden rank 0
ok 7 - rejects hidden rank 0
  ---
  duration_ms: 27.836
  type: 'test'
  ...
# Subtest: rejects public claim 0
ok 8 - rejects public claim 0
  ---
  duration_ms: 32.5983
  type: 'test'
  ...
# Subtest: rejects hidden rank 14
ok 9 - rejects hidden rank 14
  ---
  duration_ms: 32.5359
  type: 'test'
  ...
# Subtest: rejects public claim 14
ok 10 - rejects public claim 14
  ---
  duration_ms: 28.2907
  type: 'test'
  ...
# Subtest: a second commitment is rejected and cannot replace the first
ok 11 - a second commitment is rejected and cannot replace the first
  ---
  duration_ms: 63.7013
  type: 'test'
  ...
# Subtest: authorized challenge and resolution reveal only rank and detect a bluff
ok 12 - authorized challenge and resolution reveal only rank and detect a bluff
  ---
  duration_ms: 76.2036
  type: 'test'
  ...
# Subtest: truthful claim resolves as truthful
ok 13 - truthful claim resolves as truthful
  ---
  duration_ms: 58.0452
  type: 'test'
  ...
# Subtest: player cannot act as challenger
ok 14 - player cannot act as challenger
  ---
  duration_ms: 61.8766
  type: 'test'
  ...
# Subtest: challenger cannot resolve with its capability
ok 15 - challenger cannot resolve with its capability
  ---
  duration_ms: 51.0995
  type: 'test'
  ...
# Subtest: wrong rank opening rejects and leaves state unchanged
ok 16 - wrong rank opening rejects and leaves state unchanged
  ---
  duration_ms: 77.7796
  type: 'test'
  ...
# Subtest: wrong salt opening rejects and leaves state unchanged
ok 17 - wrong salt opening rejects and leaves state unchanged
  ---
  duration_ms: 72.7017
  type: 'test'
  ...
# Subtest: rejects every out-of-phase or replayed action
ok 18 - rejects every out-of-phase or replayed action
  ---
  duration_ms: 71.4754
  type: 'test'
  ...
# Subtest: commitments bind context, role, round, player, rank and salt
ok 19 - commitments bind context, role, round, player, rank and salt
  ---
  duration_ms: 27.5923
  type: 'test'
  ...
# Wallet checkpoint could not be saved.
# Subtest: wallet shutdown still runs when checkpoint persistence fails
ok 20 - wallet shutdown still runs when checkpoint persistence fails
  ---
  duration_ms: 2.6195
  type: 'test'
  ...
# Subtest: clean wallet shutdown saves state before stopping
ok 21 - clean wallet shutdown saves state before stopping
  ---
  duration_ms: 1.605
  type: 'test'
  ...
# Subtest: fresh private cards cover valid ranks with independent unpredictable salts
ok 22 - fresh private cards cover valid ranks with independent unpredictable salts
  ---
  duration_ms: 6.8675
  type: 'test'
  ...
# Subtest: hosting assets contain the actual binary circuits and keys with a verifiable manifest
ok 23 - hosting assets contain the actual binary circuits and keys with a verifiable manifest
  ---
  duration_ms: 148.0039
  type: 'test'
  ...
# Subtest: browser configuration requires an explicit valid Preprod address
ok 24 - browser configuration requires an explicit valid Preprod address
  ---
  duration_ms: 2.1837
  type: 'test'
  ...
# Subtest: public endpoint configuration rejects insecure or credential-bearing services
ok 25 - public endpoint configuration rejects insecure or credential-bearing services
  ---
  duration_ms: 1.0106
  type: 'test'
  ...
# Subtest: private proving configuration accepts only explicit loopback endpoints
ok 26 - private proving configuration accepts only explicit loopback endpoints
  ---
  duration_ms: 0.4009
  type: 'test'
  ...
# Subtest: public pending record survives a new store and is isolated by contract
ok 27 - public pending record survives a new store and is isolated by contract
  ---
  duration_ms: 4.3968
  type: 'test'
  ...
# Subtest: store persists only allowlisted public fields
ok 28 - store persists only allowlisted public fields
  ---
  duration_ms: 0.2527
  type: 'test'
  ...
# Subtest: corrupt storage remains present and blocks reads
ok 29 - corrupt storage remains present and blocks reads
  ---
  duration_ms: 0.7414
  type: 'test'
  ...
# Subtest: invalid claim and cross-contract records cannot be written
ok 30 - invalid claim and cross-contract records cannot be written
  ---
  duration_ms: 0.2301
  type: 'test'
  ...
# Subtest: storage write failure blocks submission instead of accepting an in-memory record
ok 31 - storage write failure blocks submission instead of accepting an in-memory record
  ---
  duration_ms: 0.4541
  type: 'test'
  ...
# Subtest: storage access failure never masquerades as no pending transaction
ok 32 - storage access failure never masquerades as no pending transaction
  ---
  duration_ms: 0.1711
  type: 'test'
  ...
# Subtest: encrypted package round trips only card witnesses and binds scope
ok 33 - encrypted package round trips only card witnesses and binds scope
  ---
  duration_ms: 278.0795
  type: 'test'
  ...
# Subtest: wrong password and altered authenticated scope fail closed
ok 34 - wrong password and altered authenticated scope fail closed
  ---
  duration_ms: 328.8891
  type: 'test'
  ...
# Subtest: ciphertext tampering fails authentication
ok 35 - ciphertext tampering fails authentication
  ---
  duration_ms: 264.3864
  type: 'test'
  ...
# Subtest: oversized envelope is refused before parsing
ok 36 - oversized envelope is refused before parsing
  ---
  duration_ms: 146.4152
  type: 'test'
  ...
# Subtest: invalid KDF and IV parameters are refused
ok 37 - invalid KDF and IV parameters are refused
  ---
  duration_ms: 139.7765
  type: 'test'
  ...
# Subtest: package validation rejects contract, player, and commitment mismatch
ok 38 - package validation rejects contract, player, and commitment mismatch
  ---
  duration_ms: 234.5494
  type: 'test'
  ...
# Subtest: package validation rejects context and round mismatch
ok 39 - package validation rejects context and round mismatch
  ---
  duration_ms: 212.1932
  type: 'test'
  ...
# Subtest: rank and byte lengths are rejected before encryption
ok 40 - rank and byte lengths are rejected before encryption
  ---
  duration_ms: 0.5886
  type: 'test'
  ...
# Subtest: memory provider isolates instances, returns copies, and disposes
ok 41 - memory provider isolates instances, returns copies, and disposes
  ---
  duration_ms: 0.8855
  type: 'test'
  ...
# Subtest: memory provider satisfies SDK state and signing-key lifecycle
ok 42 - memory provider satisfies SDK state and signing-key lifecycle
  ---
  duration_ms: 1.0042
  type: 'test'
  ...
# Subtest: generated witness interface reads private state without mutation
ok 43 - generated witness interface reads private state without mutation
  ---
  duration_ms: 0.3258
  type: 'test'
  ...
# Subtest: human export refuses noninteractive input before reading secrets
ok 44 - human export refuses noninteractive input before reading secrets
  ---
  duration_ms: 0.5556
  type: 'test'
  ...
# Subtest: malformed private source reports a fixed error without source fragments
ok 45 - malformed private source reports a fixed error without source fragments
  ---
  duration_ms: 0.2454
  type: 'test'
  ...
# Subtest: mocked external adapters: receipt requires successful status and matching block state
ok 46 - mocked external adapters: receipt requires successful status and matching block state
  ---
  duration_ms: 5.4127
  type: 'test'
  ...
# Subtest: wrong phase never submits
ok 47 - wrong phase never submits
  ---
  duration_ms: 0.7635
  type: 'test'
  ...
# Subtest: duplicate entry cannot begin another transaction
ok 48 - duplicate entry cannot begin another transaction
  ---
  duration_ms: 0.3724
  type: 'test'
  ...
# Subtest: disconnect after proof prevents approval and submit
ok 49 - disconnect after proof prevents approval and submit
  ---
  duration_ms: 0.6902
  type: 'test'
  ...
# Subtest: proof failure sanitizes errors and leaves no pending transaction
ok 50 - proof failure sanitizes errors and leaves no pending transaction
  ---
  duration_ms: 0.5829
  type: 'test'
  ...
# Subtest: uncertain submit retains public record and never resubmits on retry
ok 51 - uncertain submit retains public record and never resubmits on retry
  ---
  duration_ms: 13.6956
  type: 'test'
  ...
# Subtest: pending record exists before submission
ok 52 - pending record exists before submission
  ---
  duration_ms: 2.0218
  type: 'test'
  ...
# Subtest: timeout stays pending and refresh reconciles the same transaction without wallet
ok 53 - timeout stays pending and refresh reconciles the same transaction without wallet
  ---
  duration_ms: 23.3564
  type: 'test'
  ...
# Subtest: chain failure cannot become a successful receipt
ok 54 - chain failure cannot become a successful receipt
  ---
  duration_ms: 4.6904
  type: 'test'
  ...
# Subtest: incorrect commitment at confirmation block fails receipt verification
ok 55 - incorrect commitment at confirmation block fails receipt verification
  ---
  duration_ms: 2.1169
  type: 'test'
  ...
# Subtest: timeout includes reading the confirmation block
ok 56 - timeout includes reading the confirmation block
  ---
  duration_ms: 18.895
  type: 'test'
  ...
# Subtest: two controllers sharing a browser lock cannot prove or overwrite the same contract concurrently
ok 57 - two controllers sharing a browser lock cannot prove or overwrite the same contract concurrently
  ---
  duration_ms: 16.6855
  type: 'test'
  ...
# Subtest: unavailable browser locks fail closed before proving
ok 58 - unavailable browser locks fail closed before proving
  ---
  duration_ms: 0.4972
  type: 'test'
  ...
# Subtest: pending record appearing during preparation cannot be overwritten
ok 59 - pending record appearing during preparation cannot be overwritten
  ---
  duration_ms: 1.6811
  type: 'test'
  ...
# Subtest: foreign pending record cannot be updated after submission or cleared by reconciliation
ok 60 - foreign pending record cannot be updated after submission or cleared by reconciliation
  ---
  duration_ms: 1.328
  type: 'test'
  ...
# Subtest: reconciliation refuses to clear a replacement pending record
ok 61 - reconciliation refuses to clear a replacement pending record
  ---
  duration_ms: 0.9627
  type: 'test'
  ...
# Subtest: known cancellation before wallet invocation clears only its own pending record
ok 62 - known cancellation before wallet invocation clears only its own pending record
  ---
  duration_ms: 0.6678
  type: 'test'
  ...
# Subtest: Lace 2.4 exact Preprod endpoint tuple passes the commit configuration gate
ok 63 - Lace 2.4 exact Preprod endpoint tuple passes the commit configuration gate
  ---
  duration_ms: 2.6146
  type: 'test'
  ...
# Subtest: official Preprod endpoints still pass the commit configuration gate
ok 64 - official Preprod endpoints still pass the commit configuration gate
  ---
  duration_ms: 0.2854
  type: 'test'
  ...
# Subtest: current Blockfrost Preprod tuple accepts one matching project credential without wallet side effects
ok 65 - current Blockfrost Preprod tuple accepts one matching project credential without wallet side effects
  ---
  duration_ms: 0.4859
  type: 'test'
  ...
# Subtest: current Blockfrost tuple rejects mismatched credentials and unsupported URL components
ok 66 - current Blockfrost tuple rejects mismatched credentials and unsupported URL components
  ---
  duration_ms: 2.1429
  type: 'test'
  ...
# Subtest: current Blockfrost endpoints still require the configured local prover
ok 67 - current Blockfrost endpoints still require the configured local prover
  ---
  duration_ms: 0.5824
  type: 'test'
  ...
# Subtest: Lace endpoint lookalikes, mixed tuples, other networks, and extra URL components are rejected
ok 68 - Lace endpoint lookalikes, mixed tuples, other networks, and extra URL components are rejected
  ---
  duration_ms: 0.5349
  type: 'test'
  ...
# Subtest: Lace Preprod still requires the configured user-local prover
ok 69 - Lace Preprod still requires the configured user-local prover
  ---
  duration_ms: 0.3405
  type: 'test'
  ...
# Subtest: discovers every structurally valid injected wallet and marks incompatible versions
ok 70 - discovers every structurally valid injected wallet and marks incompatible versions
  ---
  duration_ms: 6.2191
  type: 'test'
  ...
# Subtest: connect requires Preprod status, configuration, and shielded identity
ok 71 - connect requires Preprod status, configuration, and shielded identity
  ---
  duration_ms: 0.868
  type: 'test'
  ...
# Subtest: Lace authorization connects and revalidates without the unused hintUsage extension
ok 72 - Lace authorization connects and revalidates without the unused hintUsage extension
  ---
  duration_ms: 0.7911
  type: 'test'
  ...
# Subtest: a connected wallet missing its proving method remains rejected
ok 73 - a connected wallet missing its proving method remains rejected
  ---
  duration_ms: 0.4221
  type: 'test'
  ...
# Subtest: rejected permission is sanitized and leaves no connected API
ok 74 - rejected permission is sanitized and leaves no connected API
  ---
  duration_ms: 0.4549
  type: 'test'
  ...
# Subtest: connection failure identifies the exact failing operation without calling later operations
ok 75 - connection failure identifies the exact failing operation without calling later operations
  ---
  duration_ms: 1.2529
  type: 'test'
  ...
# Subtest: revalidation failures identify status, configuration or address and invalidate the capture
ok 76 - revalidation failures identify status, configuration or address and invalidate the capture
  ---
  duration_ms: 0.7557
  type: 'test'
  ...
# Subtest: diagnostics preserve only the five declared connector API error codes
ok 77 - diagnostics preserve only the five declared connector API error codes
  ---
  duration_ms: 0.4673
  type: 'test'
  ...
# Subtest: diagnostics never reflect unknown codes, untrusted fields or hostile property getters
ok 78 - diagnostics never reflect unknown codes, untrusted fields or hostile property getters
  ---
  duration_ms: 0.9304
  type: 'test'
  ...
# Subtest: a retry clears the previous diagnostic while pending, after success and after disconnect
ok 79 - a retry clears the previous diagnostic while pending, after success and after disconnect
  ---
  duration_ms: 0.7056
  type: 'test'
  ...
# Subtest: late authorization errors cannot publish diagnostics after disconnect or replacement
ok 80 - late authorization errors cannot publish diagnostics after disconnect or replacement
  ---
  duration_ms: 1.0579
  type: 'test'
  ...
# Subtest: superseded revalidation errors cannot publish stale diagnostics
ok 81 - superseded revalidation errors cannot publish stale diagnostics
  ---
  duration_ms: 0.3909
  type: 'test'
  ...
# Subtest: a wallet reporting another network is refused
ok 82 - a wallet reporting another network is refused
  ---
  duration_ms: 0.1822
  type: 'test'
  ...
# Subtest: disconnect during delayed authorization prevents stale connect result
ok 83 - disconnect during delayed authorization prevents stale connect result
  ---
  duration_ms: 0.2073
  type: 'test'
  ...
# Subtest: account change invalidates capture and cached session
ok 84 - account change invalidates capture and cached session
  ---
  duration_ms: 0.209
  type: 'test'
  ...
# Subtest: older revalidation cannot disconnect a newly connected wallet
ok 85 - older revalidation cannot disconnect a newly connected wallet
  ---
  duration_ms: 0.2392
  type: 'test'
  ...
# Subtest: duplicate connect while authorization is pending does not prompt twice
ok 86 - duplicate connect while authorization is pending does not prompt twice
  ---
  duration_ms: 0.1893
  type: 'test'
  ...
# Subtest: a superseded guard cannot authorize side effects
ok 87 - a superseded guard cannot authorize side effects
  ---
  duration_ms: 0.2987
  type: 'test'
  ...
# Subtest: late wallet injection is found by a fresh discovery call
ok 88 - late wallet injection is found by a fresh discovery call
  ---
  duration_ms: 0.1379
  type: 'test'
  ...
# Subtest: unsupported API version never invokes wallet authorization
ok 89 - unsupported API version never invokes wallet authorization
  ---
  duration_ms: 0.1652
  type: 'test'
  ...
# Subtest: missing connected methods or shielded keys never yield a capture
ok 90 - missing connected methods or shielded keys never yield a capture
  ---
  duration_ms: 0.258
  type: 'test'
  ...
# Subtest: changed prover and indexer configuration invalidates an existing capture
ok 91 - changed prover and indexer configuration invalidates an existing capture
  ---
  duration_ms: 0.2264
  type: 'test'
  ...
# Subtest: faucet address reads a validated Preprod unshielded address without wallet mutations or caching
ok 92 - faucet address reads a validated Preprod unshielded address without wallet mutations or caching
  ---
  duration_ms: 2.237
  type: 'test'
  ...
# Subtest: faucet address rejects other address types, networks, bad checksums and invalid payload lengths
ok 93 - faucet address rejects other address types, networks, bad checksums and invalid payload lengths
  ---
  duration_ms: 2.0669
  type: 'test'
  ...
# Subtest: faucet address refuses a disconnected session before reading the wallet
ok 94 - faucet address refuses a disconnected session before reading the wallet
  ---
  duration_ms: 0.262
  type: 'test'
  ...
# Subtest: faucet address checks account identity before requesting an address
ok 95 - faucet address checks account identity before requesting an address
  ---
  duration_ms: 0.3051
  type: 'test'
  ...
# Subtest: faucet address discards an in-flight result after disconnect
ok 96 - faucet address discards an in-flight result after disconnect
  ---
  duration_ms: 0.365
  type: 'test'
  ...
# Subtest: faucet address discards an in-flight result after reconnect
ok 97 - faucet address discards an in-flight result after reconnect
  ---
  duration_ms: 0.3123
  type: 'test'
  ...
# Subtest: faucet address discards an in-flight result after account
ok 98 - faucet address discards an in-flight result after account
  ---
  duration_ms: 0.3782
  type: 'test'
  ...
# Subtest: faucet address sanitizes wallet rejection and malformed response errors
ok 99 - faucet address sanitizes wallet rejection and malformed response errors
  ---
  duration_ms: 0.7495
  type: 'test'
  ...
1..99
# tests 99
# suites 0
# pass 99
# fail 0
# cancelled 0
# skipped 0
# todo 0
# duration_ms 3651.2388
